------------------------------------------------------------
Timing Analyzer Summary
------------------------------------------------------------

Type  : Slow 1200mV 85C Model Setup 'clk'
Slack : -2.971
TNS   : -62.384

Type  : Slow 1200mV 85C Model Setup 'dc:Div|TwoHzclk'
Slack : -1.097
TNS   : -18.793

Type  : Slow 1200mV 85C Model Hold 'dc:Div|TwoHzclk'
Slack : 0.458
TNS   : 0.000

Type  : Slow 1200mV 85C Model Hold 'clk'
Slack : 0.573
TNS   : 0.000

Type  : Slow 1200mV 85C Model Minimum Pulse Width 'clk'
Slack : -3.000
TNS   : -36.672

Type  : Slow 1200mV 85C Model Minimum Pulse Width 'dc:Div|TwoHzclk'
Slack : -1.403
TNS   : -49.105

Type  : Slow 1200mV 0C Model Setup 'clk'
Slack : -2.720
TNS   : -56.599

Type  : Slow 1200mV 0C Model Setup 'dc:Div|TwoHzclk'
Slack : -0.923
TNS   : -14.248

Type  : Slow 1200mV 0C Model Hold 'dc:Div|TwoHzclk'
Slack : 0.416
TNS   : 0.000

Type  : Slow 1200mV 0C Model Hold 'clk'
Slack : 0.527
TNS   : 0.000

Type  : Slow 1200mV 0C Model Minimum Pulse Width 'clk'
Slack : -3.000
TNS   : -36.672

Type  : Slow 1200mV 0C Model Minimum Pulse Width 'dc:Div|TwoHzclk'
Slack : -1.403
TNS   : -49.105

Type  : Fast 1200mV 0C Model Setup 'clk'
Slack : -0.724
TNS   : -13.326

Type  : Fast 1200mV 0C Model Setup 'dc:Div|TwoHzclk'
Slack : 0.113
TNS   : 0.000

Type  : Fast 1200mV 0C Model Hold 'dc:Div|TwoHzclk'
Slack : 0.186
TNS   : 0.000

Type  : Fast 1200mV 0C Model Hold 'clk'
Slack : 0.213
TNS   : 0.000

Type  : Fast 1200mV 0C Model Minimum Pulse Width 'clk'
Slack : -3.000
TNS   : -27.648

Type  : Fast 1200mV 0C Model Minimum Pulse Width 'dc:Div|TwoHzclk'
Slack : -1.000
TNS   : -35.000

------------------------------------------------------------
