------------------------------------------------------------
Timing Analyzer Summary
------------------------------------------------------------

Type  : Slow 1200mV 85C Model Setup 'clk'
Slack : -4.252
TNS   : -94.583

Type  : Slow 1200mV 85C Model Setup 'dc:Div|TwoHzclk'
Slack : -2.839
TNS   : -28.632

Type  : Slow 1200mV 85C Model Setup 'sw9'
Slack : -0.239
TNS   : -0.457

Type  : Slow 1200mV 85C Model Hold 'sw9'
Slack : -0.982
TNS   : -5.546

Type  : Slow 1200mV 85C Model Hold 'dc:Div|TwoHzclk'
Slack : 0.231
TNS   : 0.000

Type  : Slow 1200mV 85C Model Hold 'clk'
Slack : 0.616
TNS   : 0.000

Type  : Slow 1200mV 85C Model Recovery 'dc:Div|TwoHzclk'
Slack : -3.800
TNS   : -108.875

Type  : Slow 1200mV 85C Model Removal 'dc:Div|TwoHzclk'
Slack : 2.151
TNS   : 0.000

Type  : Slow 1200mV 85C Model Minimum Pulse Width 'clk'
Slack : -3.000
TNS   : -38.075

Type  : Slow 1200mV 85C Model Minimum Pulse Width 'sw9'
Slack : -3.000
TNS   : -3.000

Type  : Slow 1200mV 85C Model Minimum Pulse Width 'dc:Div|TwoHzclk'
Slack : -1.403
TNS   : -51.911

Type  : Slow 1200mV 0C Model Setup 'clk'
Slack : -3.842
TNS   : -85.382

Type  : Slow 1200mV 0C Model Setup 'dc:Div|TwoHzclk'
Slack : -2.544
TNS   : -23.902

Type  : Slow 1200mV 0C Model Setup 'sw9'
Slack : -0.287
TNS   : -0.548

Type  : Slow 1200mV 0C Model Hold 'sw9'
Slack : -0.895
TNS   : -5.069

Type  : Slow 1200mV 0C Model Hold 'dc:Div|TwoHzclk'
Slack : 0.310
TNS   : 0.000

Type  : Slow 1200mV 0C Model Hold 'clk'
Slack : 0.551
TNS   : 0.000

Type  : Slow 1200mV 0C Model Recovery 'dc:Div|TwoHzclk'
Slack : -3.524
TNS   : -101.440

Type  : Slow 1200mV 0C Model Removal 'dc:Div|TwoHzclk'
Slack : 2.019
TNS   : 0.000

Type  : Slow 1200mV 0C Model Minimum Pulse Width 'clk'
Slack : -3.000
TNS   : -38.075

Type  : Slow 1200mV 0C Model Minimum Pulse Width 'sw9'
Slack : -3.000
TNS   : -3.000

Type  : Slow 1200mV 0C Model Minimum Pulse Width 'dc:Div|TwoHzclk'
Slack : -1.403
TNS   : -51.911

Type  : Fast 1200mV 0C Model Setup 'clk'
Slack : -1.178
TNS   : -24.069

Type  : Fast 1200mV 0C Model Setup 'dc:Div|TwoHzclk'
Slack : -0.683
TNS   : -3.415

Type  : Fast 1200mV 0C Model Setup 'sw9'
Slack : 0.521
TNS   : 0.000

Type  : Fast 1200mV 0C Model Hold 'sw9'
Slack : -0.398
TNS   : -2.210

Type  : Fast 1200mV 0C Model Hold 'dc:Div|TwoHzclk'
Slack : -0.180
TNS   : -0.900

Type  : Fast 1200mV 0C Model Hold 'clk'
Slack : 0.228
TNS   : 0.000

Type  : Fast 1200mV 0C Model Recovery 'dc:Div|TwoHzclk'
Slack : -1.575
TNS   : -44.410

Type  : Fast 1200mV 0C Model Removal 'dc:Div|TwoHzclk'
Slack : 0.661
TNS   : 0.000

Type  : Fast 1200mV 0C Model Minimum Pulse Width 'clk'
Slack : -3.000
TNS   : -29.043

Type  : Fast 1200mV 0C Model Minimum Pulse Width 'sw9'
Slack : -3.000
TNS   : -3.000

Type  : Fast 1200mV 0C Model Minimum Pulse Width 'dc:Div|TwoHzclk'
Slack : -1.000
TNS   : -37.000

------------------------------------------------------------
